<html>
<body>
<pre>
<h1>µVision Build Log</h1>
<h2>Tool Versions:</h2>
IDE-Version: ¦ÌVision V5.28.0.0
Copyright (C) 2019 ARM Ltd and ARM Germany GmbH. All rights reserved.
License Information: 1 1, 1, LIC=JL2Z9-4QB2L-3MJ9Q-NE9E3-FH8ES-BA8Y1
 
Tool Versions:
Toolchain:       MDK-ARM Plus  Version: 5.28.0.0
Toolchain Path:  C:\Keil_v5\ARM\ARMCC\Bin
C Compiler:      Armcc.exe V5.06 update 6 (build 750)
Assembler:       Armasm.exe V5.06 update 6 (build 750)
Linker/Locator:  ArmLink.exe V5.06 update 6 (build 750)
Library Manager: ArmAr.exe V5.06 update 6 (build 750)
Hex Converter:   FromElf.exe V5.06 update 6 (build 750)
CPU DLL:         SARMCM3.DLL V5.28.0.0
Dialog DLL:      DCM.DLL V1.17.3.0
Target DLL:      STLink\ST-LINKIII-KEIL_SWO.dll V3.0.6.0
Dialog DLL:      TCM.DLL V1.36.2.0
 
<h2>Project:</h2>
E:\MCU\Project\STM32CubeMX\FourWheel_driveMAX\MDK-ARM\FourWheel_driveMAX.uvprojx
Project File Date:  10/30/2019

<h2>Output:</h2>
*** Using Compiler 'V5.06 update 6 (build 750)', folder: 'C:\Keil_v5\ARM\ARMCC\Bin'
*** Warning: You are compiling one or more files of source type C++ and have selected 'use MicroLIB'. MicroLIB does not support C++!
  
Rebuild target 'FourWheel_driveMAX'
assembling startup_stm32f103xe.s...
compiling gpio.c...
compiling adc.c...
compiling main.c...
../Src/main.c(101): warning:  #9-D: nested comment is not allowed
    /* USER CODE END SysInit */
../Src/main.c: 1 warning, 0 errors
compiling rtc.c...
compiling dma.c...
compiling iwdg.c...
compiling spi.c...
compiling usart.c...
compiling tim.c...
compiling stm32f1xx_it.c...
compiling stm32f1xx_hal_msp.c...
compiling stm32f1xx_hal_timebase_tim.c...
compiling stm32f1xx_hal_gpio_ex.c...
compiling stm32f1xx_hal_adc_ex.c...
compiling stm32f1xx_hal_adc.c...
compiling stm32f1xx_hal_iwdg.c...
compiling stm32f1xx_hal_rtc_ex.c...
compiling stm32f1xx_hal_rtc.c...
compiling stm32f1xx_hal_tim_ex.c...
compiling stm32f1xx_hal_spi.c...
../Drivers/STM32F1xx_HAL_Driver/Src/stm32f1xx_hal_spi.c(3835): warning:  #174-D: expression has no effect
    READ_REG(hspi->Instance->DR);
../Drivers/STM32F1xx_HAL_Driver/Src/stm32f1xx_hal_spi.c: 1 warning, 0 errors
compiling stm32f1xx_hal_tim.c...
compiling stm32f1xx_hal.c...
compiling stm32f1xx_hal_uart.c...
compiling stm32f1xx_hal_gpio.c...
compiling stm32f1xx_hal_rcc_ex.c...
compiling stm32f1xx_hal_rcc.c...
compiling stm32f1xx_hal_pwr.c...
compiling stm32f1xx_hal_cortex.c...
compiling stm32f1xx_hal_dma.c...
compiling stm32f1xx_hal_flash_ex.c...
compiling stm32f1xx_hal_flash.c...
compiling stm32f1xx_hal_exti.c...
compiling system_stm32f1xx.c...
compiling user_comm.c...
BSP\user_comm.c(10): warning:  #177-D: variable "i"  was declared but never referenced
  	int i ;
BSP\user_comm.c(84): warning:  #1-D: last line of file ends without a newline
  */
BSP\user_comm.c: 2 warnings, 0 errors
compiling driver_motor.cpp...
compiling user_robot_base_2.cpp...
compiling user_system.cpp...
BSP\user_system.cpp(376): warning:  #940-D: missing return statement at end of non-void function "read_rpm" 
  }
BSP\user_system.cpp(455): warning:  #177-D: variable "i"  was declared but never referenced
  	 int i = 0;
BSP\user_system.cpp(456): warning:  #177-D: variable "tick_count"  was declared but never referenced
  	 uint32_t tick_count;
BSP\user_system.cpp(457): warning:  #177-D: variable "tick_cur"  was declared but never referenced
  	 uint32_t tick_cur;
BSP\user_system.cpp(459): warning:  #177-D: variable "cur_rpm"  was declared but never referenced
  	 float cur_rpm = 0;
BSP\user_system.cpp(576): warning:  #1-D: last line of file ends without a newline
   
BSP\user_system.cpp: 6 warnings, 0 errors
linking...
Program Size: Code=24876 RO-data=360 RW-data=104 ZI-data=2600  
FromELF: creating hex file...
"FourWheel_driveMAX\FourWheel_driveMAX.axf" - 0 Error(s), 10 Warning(s).

<h2>Software Packages used:</h2>

Package Vendor: ARM
                http://www.keil.com/pack/ARM.CMSIS.5.5.1.pack
                ARM.CMSIS.5.5.1
                CMSIS (Cortex Microcontroller Software Interface Standard)
   * Component: CORE Version: 5.2.0

Package Vendor: Keil
                http://www.keil.com/pack/Keil.STM32F1xx_DFP.2.3.0.pack
                Keil.STM32F1xx_DFP.2.3.0
                STMicroelectronics STM32F1 Series Device Support, Drivers and Examples

<h2>Collection of Component include folders:</h2>
  .\RTE\_FourWheel_driveMAX
  C:\Users\Administrator\AppData\Local\Arm\Packs\ARM\CMSIS\5.5.1\CMSIS\Core\Include
  C:\Users\Administrator\AppData\Local\Arm\Packs\Keil\STM32F1xx_DFP\2.3.0\Device\Include

<h2>Collection of Component Files used:</h2>

   * Component: ARM::CMSIS:CORE:5.2.0
Build Time Elapsed:  00:00:26
</pre>
</body>
</html>
