BL51 BANKED LINKER/LOCATER V6.22                                                        10/16/2020  14:40:52  PAGE 1


BL51 BANKED LINKER/LOCATER V6.22, INVOKED BY:
E:\KEIL_V5\C51\BIN\BL51.EXE .\Objects\STARTUP.obj, .\Objects\test2.obj TO .\Objects\test PRINT (.\Listings\test.m51)


MEMORY MODEL: SMALL


INPUT MODULES INCLUDED:
  .\Objects\STARTUP.obj (?C_STARTUP)
  .\Objects\test2.obj (TEST2)


LINK MAP OF MODULE:  .\Objects\test (?C_STARTUP)


            TYPE    BASE      LENGTH    RELOCATION   SEGMENT NAME
            -----------------------------------------------------

            * * * * * * *   D A T A   M E M O R Y   * * * * * * *
            REG     0000H     0008H     ABSOLUTE     "REG BANK 0"
            IDATA   0008H     0001H     UNIT         ?STACK

            * * * * * * *   C O D E   M E M O R Y   * * * * * * *
            CODE    0000H     0003H     ABSOLUTE     
            CODE    0003H     0022H     UNIT         ?PR?MAIN?TEST2
            CODE    0025H     0020H     UNIT         ?PR?_DELAY?TEST2
            CODE    0045H     000CH     UNIT         ?C_C51STARTUP



OVERLAY MAP OF MODULE:   .\Objects\test (?C_STARTUP)


SEGMENT
  +--> CALLED SEGMENT
---------------------
?C_C51STARTUP
  +--> ?PR?MAIN?TEST2

?PR?MAIN?TEST2
  +--> ?PR?_DELAY?TEST2



SYMBOL TABLE OF MODULE:  .\Objects\test (?C_STARTUP)

  VALUE           TYPE          NAME
  ----------------------------------

  -------         MODULE        ?C_STARTUP
  C:0045H         SEGMENT       ?C_C51STARTUP
  I:0008H         SEGMENT       ?STACK
  C:0000H         PUBLIC        ?C_STARTUP
  D:00E0H         SYMBOL        ACC
  D:00F0H         SYMBOL        B
  D:0083H         SYMBOL        DPH
  D:0082H         SYMBOL        DPL
  N:0000H         SYMBOL        IBPSTACK
BL51 BANKED LINKER/LOCATER V6.22                                                      10/16/2020  14:40:52  PAGE 2


  N:0100H         SYMBOL        IBPSTACKTOP
  N:0080H         SYMBOL        IDATALEN
  C:0048H         SYMBOL        IDATALOOP
  N:0000H         SYMBOL        PBPSTACK
  N:0100H         SYMBOL        PBPSTACKTOP
  N:0000H         SYMBOL        PDATALEN
  N:0000H         SYMBOL        PDATASTART
  N:0000H         SYMBOL        PPAGE
  N:0000H         SYMBOL        PPAGEENABLE
  D:00A0H         SYMBOL        PPAGE_SFR
  D:0081H         SYMBOL        SP
  C:0045H         SYMBOL        STARTUP1
  N:0000H         SYMBOL        XBPSTACK
  N:0000H         SYMBOL        XBPSTACKTOP
  N:0000H         SYMBOL        XDATALEN
  N:0000H         SYMBOL        XDATASTART
  C:0000H         LINE#         126
  C:0045H         LINE#         133
  C:0047H         LINE#         134
  C:0048H         LINE#         135
  C:0049H         LINE#         136
  C:004BH         LINE#         185
  C:004EH         LINE#         196
  -------         ENDMOD        ?C_STARTUP

  -------         MODULE        TEST2
  C:0000H         SYMBOL        _ICE_DUMMY_
  D:0090H         PUBLIC        P1
  C:0025H         PUBLIC        _delay
  C:0003H         PUBLIC        main
  -------         PROC          _DELAY
  D:0006H         SYMBOL        t
  -------         DO            
  D:0004H         SYMBOL        i
  D:0002H         SYMBOL        j
  -------         ENDDO         
  C:0025H         LINE#         5
  C:0025H         LINE#         6
  C:0025H         LINE#         8
  C:002FH         LINE#         9
  C:0044H         LINE#         10
  -------         ENDPROC       _DELAY
  -------         PROC          MAIN
  -------         DO            
  D:0001H         SYMBOL        k
  -------         ENDDO         
  C:0003H         LINE#         14
  C:0003H         LINE#         15
  C:0003H         LINE#         17
  C:0005H         LINE#         19
  C:0008H         LINE#         20
  C:000EH         LINE#         22
  C:000EH         LINE#         23
  C:0010H         LINE#         24
  C:0017H         LINE#         25
  C:0023H         LINE#         26
  -------         ENDPROC       MAIN
BL51 BANKED LINKER/LOCATER V6.22                                                      10/16/2020  14:40:52  PAGE 3


  -------         ENDMOD        TEST2

Program Size: data=9.0 xdata=0 code=81
LINK/LOCATE RUN COMPLETE.  0 WARNING(S),  0 ERROR(S)
