C51 COMPILER V9.60.0.0   MAIN                                                              09/09/2019 16:08:00 PAGE 1   


C51 COMPILER V9.60.0.0, COMPILATION OF MODULE MAIN
OBJECT MODULE PLACED IN .\Objects\main.obj
COMPILER INVOKED BY: C:\Keil_v5\C51\BIN\C51.EXE main.c OPTIMIZE(8,SPEED) BROWSE DEBUG OBJECTEXTEND PRINT(.\Listings\main
                    -.lst) TABS(2) OBJECT(.\Objects\main.obj)

line level    source

   1          #include<reg51.h>
   2          #include"main.h"
   3          #include"delay.h"
   4          
   5          uchar code DIS_CODE[12] = {0x3F,0x06,0x5B,0x4F,0x66,0x6D,0x7D,0x07,0x7F,0x6F,0x00,0xF3};
   6          
   7          uint g_unDisNum;
   8          
   9          
  10          //数码管上显示数字
  11          void disp_num(uint num)
  12          {
  13   1        uchar sep_num = 0;
  14   1        uchar ten_num = 0;
  15   1        uchar hund_num = 0;
  16   1        uchar thou_num = 0;
  17   1        
  18   1        sep_num = num%10;
  19   1        ten_num = (num%100)/10;
  20   1        hund_num = (num%1000)/100;
  21   1        thou_num = (num%10000)/1000;
  22   1        
  23   1        P2 = 0xFE;
  24   1        P0 = DIS_CODE[thou_num];
  25   1        delay_ms(1);
  26   1        
  27   1        P2 = 0xFD;
  28   1        P0 = DIS_CODE[hund_num];
  29   1        delay_ms(1);
  30   1        
  31   1        P2 = 0xFB;
  32   1        P0 = DIS_CODE[ten_num];
  33   1        delay_ms(1);
  34   1        
  35   1        P2 = 0xF7;
  36   1        P0 = DIS_CODE[sep_num];
  37   1        delay_ms(1);
  38   1        
  39   1        
  40   1      }
  41          
  42          
  43          //定义中断         外部中断 0、 1；分别由引脚/INT0、/INT1的电平信号引起 
  44          /*
  45          外部中断0            0
  46          定时器T0             1
  47          外部中断1            2
  48          定时器T1             3
  49          串口中断             4   
  50          */
  51          
  52          void int0_inter()interrupt 0           //0是Int0的中断号
  53          {
  54   1        g_unDisNum++;
C51 COMPILER V9.60.0.0   MAIN                                                              09/09/2019 16:08:00 PAGE 2   

  55   1        
  56   1      }
  57          
  58          void int1_inter()interrupt 2           //2是Int1的中断号
  59          {
  60   1        g_unDisNum = 0;
  61   1      }
  62          
  63          
  64          void main()
  65          {
  66   1        
  67   1        g_unDisNum = 0;
  68   1        
  69   1        //端口初始化
  70   1        P0 = 0xFF;
  71   1        P2 = 0xFF;
  72   1        P3 = 0xFF;
  73   1        
  74   1        //中断初始化
  75   1        IT0 = 1;                   //设定中断触发方式
  76   1        IT1 = 1;      
  77   1        EX0 = 1;                   //打开Int0中断
  78   1        EX1 = 1;                   //打开Int1中断
  79   1        EA = 1;                    //打开全局中断
  80   1        
  81   1        while(1)
  82   1        {
  83   2          disp_num(g_unDisNum);
  84   2          
  85   2          
  86   2        }
  87   1        
  88   1        
  89   1      
  90   1      }
  91          
  92          
  93          
  94          
  95          
  96          
  97          


MODULE INFORMATION:   STATIC OVERLAYABLE
   CODE SIZE        =    221    ----
   CONSTANT SIZE    =     12    ----
   XDATA SIZE       =   ----    ----
   PDATA SIZE       =   ----    ----
   DATA SIZE        =      2       3
   IDATA SIZE       =   ----    ----
   BIT SIZE         =   ----    ----
END OF MODULE INFORMATION.


C51 COMPILATION COMPLETE.  0 WARNING(S),  0 ERROR(S)
