C51 COMPILER V9.60.0.0   MAIN                                                              09/05/2019 17:59:41 PAGE 1   


C51 COMPILER V9.60.0.0, COMPILATION OF MODULE MAIN
OBJECT MODULE PLACED IN .\Objects\main.obj
COMPILER INVOKED BY: C:\Keil_v5\C51\BIN\C51.EXE main.c OPTIMIZE(8,SPEED) BROWSE DEBUG OBJECTEXTEND PRINT(.\Listings\main
                    -.lst) TABS(2) OBJECT(.\Objects\main.obj)

line level    source

   1          #include<reg51.h>
   2          #include"main.h"
   3          #include"delay.h"
   4          //不显示小数点
   5          uchar code DIS_CODE[ ]={0xc0,0xF9,0xA4,0xB0,0x99,0x92,0x82,0xF8,0x80,0x90};
   6          
   7          void main()
   8          {
   9   1        uchar i=0;
  10   1        while(1)
  11   1        {
  12   2          for(i=0;i<4;i++)
  13   2          {
  14   3            P1=(1<<i);
  15   3            P2=DIS_CODE[i];
  16   3            delay_ms(1500);
  17   3          
  18   3          }
  19   2        }
  20   1      
  21   1      }
  22          
  23          
  24          
  25          
  26          
  27          
  28          /*实验程序
  29          
  30          
  31          //数码管显示码（显示小数点）
  32          uchar code DIS_CODE[10]={0x40,0x79,0x24,0x30,0x19,0x12,0x02,0x78,0x00,0x10};
  33          
  34          void main()
  35          {
  36            uchar i=0;
  37            while(1)
  38            {
  39              for(i=0;i<10;i++)
  40              {
  41                P1=0x0F;                   //同时位选四位数码管
  42                P2=DIS_CODE[i];
  43                delay_ms(1500);
  44                P1=0x00;
  45                P2=DIS_CODE[i];
  46                delay_ms(1500);
  47              
  48              
  49              }
  50            
  51            }
  52          
  53          
  54          
C51 COMPILER V9.60.0.0   MAIN                                                              09/05/2019 17:59:41 PAGE 2   

  55          
  56          }
  57          
  58          
  59          */
  60          


MODULE INFORMATION:   STATIC OVERLAYABLE
   CODE SIZE        =     51    ----
   CONSTANT SIZE    =     10    ----
   XDATA SIZE       =   ----    ----
   PDATA SIZE       =   ----    ----
   DATA SIZE        =   ----       1
   IDATA SIZE       =   ----    ----
   BIT SIZE         =   ----    ----
END OF MODULE INFORMATION.


C51 COMPILATION COMPLETE.  0 WARNING(S),  0 ERROR(S)
