C51 COMPILER V9.60.0.0   MAIN                                                              09/11/2019 12:43:06 PAGE 1   


C51 COMPILER V9.60.0.0, COMPILATION OF MODULE MAIN
OBJECT MODULE PLACED IN .\Objects\main.obj
COMPILER INVOKED BY: C:\Keil_v5\C51\BIN\C51.EXE main.c OPTIMIZE(8,SPEED) BROWSE DEBUG OBJECTEXTEND PRINT(.\Listings\main
                    -.lst) TABS(2) OBJECT(.\Objects\main.obj)

line level    source

   1          #include<reg51.h>
   2          #include"main.h"
   3          
   4          sbit OUT_PIN = P2^0;
   5          
   6          
   7          
   8          void timer0_inter() interrupt 1
   9          {
  10   1        OUT_PIN = ~OUT_PIN;
  11   1        TL0 = 0x78;
  12   1        TH0 = 0xEC;
  13   1      
  14   1      }
  15          
  16          
  17          void main()
  18          {
  19   1        P0 = 0xFF;
  20   1        
  21   1        TL0 = 0x78;
  22   1        TH0 = 0xEC;
  23   1        TMOD = 1;
  24   1        ET0 = 1;
  25   1        EA = 1;
  26   1        TR0 = 1;
  27   1        
  28   1        while(1);
  29   1        
  30   1      
  31   1      
  32   1      }


MODULE INFORMATION:   STATIC OVERLAYABLE
   CODE SIZE        =     29    ----
   CONSTANT SIZE    =   ----    ----
   XDATA SIZE       =   ----    ----
   PDATA SIZE       =   ----    ----
   DATA SIZE        =   ----    ----
   IDATA SIZE       =   ----    ----
   BIT SIZE         =   ----    ----
END OF MODULE INFORMATION.


C51 COMPILATION COMPLETE.  0 WARNING(S),  0 ERROR(S)
