<html>
<body>
<pre>
<h1>礦ision Build Log</h1>
<h2>Tool Versions:</h2>
IDE-Version: μVision V5.28.0.0
Copyright (C) 2019 ARM Ltd and ARM Germany GmbH. All rights reserved.
License Information: 222 Administrator, 222, LIC=PE774-FZZHT-8S6YU-S7DNM-TM53Y-IR9V6
 
Tool Versions:
Toolchain:       MDK-ARM Plus  Version: 5.28.0.0
Toolchain Path:  D:\keil5\ARM\ARMCC\Bin
C Compiler:      Armcc.exe V5.06 update 6 (build 750)
Assembler:       Armasm.exe V5.06 update 6 (build 750)
Linker/Locator:  ArmLink.exe V5.06 update 6 (build 750)
Library Manager: ArmAr.exe V5.06 update 6 (build 750)
Hex Converter:   FromElf.exe V5.06 update 6 (build 750)
CPU DLL:         SARMCM3.DLL V5.28.0.0
Dialog DLL:      DCM.DLL V1.17.3.0
Target DLL:      STLink\ST-LINKIII-KEIL_SWO.dll V3.0.6.0
Dialog DLL:      TCM.DLL V1.36.2.0
 
<h2>Project:</h2>
E:\飞思卡尔\第一部小车\资料\代码\VSLAM_Car\STM32programe\USART103VE_L298N\USER\STM32F103L298N.uvprojx
Project File Date:  09/28/2019

<h2>Output:</h2>
*** Using Compiler 'V5.06 update 6 (build 750)', folder: 'D:\keil5\ARM\ARMCC\Bin'
Build target 'STM32F103L298N'
compiling stm32f10x_it.c...
compiling main.c...
..\HARDWARE\L298N\L298N.h(41): warning:  #1-D: last line of file ends without a newline
  #endif
main.c: 1 warning, 0 errors
compiling system_stm32f10x.c...
compiling led.c...
compiling delay.c...
compiling L298N.c...
..\HARDWARE\L298N\L298N.h(41): warning:  #1-D: last line of file ends without a newline
  #endif
..\HARDWARE\L298N\L298N.c(53): warning:  #1-D: last line of file ends without a newline
  }
..\HARDWARE\L298N\L298N.c: 2 warnings, 0 errors
compiling core_cm3.c...
compiling usart.c...
assembling startup_stm32f10x_md.s...
compiling sys.c...
compiling misc.c...
compiling stm32f10x_gpio.c...
compiling stm32f10x_rcc.c...
compiling stm32f10x_usart.c...
linking...
Program Size: Code=2340 RO-data=268 RW-data=52 ZI-data=1028  
FromELF: creating hex file...
"..\OBJ\IsLuo.axf" - 0 Error(s), 3 Warning(s).

<h2>Software Packages used:</h2>

Package Vendor: Keil
                http://www.keil.com/pack/Keil.STM32F1xx_DFP.2.3.0.pack
                Keil.STM32F1xx_DFP.2.3.0
                STMicroelectronics STM32F1 Series Device Support, Drivers and Examples

<h2>Collection of Component include folders:</h2>
  .\RTE\_STM32F103L298N
  D:\keil5\AppData\Local\Arm\Packs\Keil\STM32F1xx_DFP\2.3.0\Device\Include

<h2>Collection of Component Files used:</h2>
Build Time Elapsed:  00:00:03
</pre>
</body>
</html>
